testAxiomBlockByteIdentity: PASSED (24 non-authoring surfaces)
testKeepOpenArchiveStamp: PASSED
testManualArchiveBackstop: PASSED
testSinkPrUsesFinalizationSummary: PASSED
testClassifierDependsOnGate: PASSED
testActiveFoldersExcludesClosedIssue895: PASSED
testStartupJsonAndHiddenLocalWorktrees: PASSED
testWorktreeAdaptiveProvisioned: PASSED
testArchiveDestinationResolvesAgainstMain832: PASSED
testArchiveCommitHonestUnderGitignore832: PASSED
testFinalizeNarrowStagingExcludesForeignArchive: PASSED
testStaleWorktreeCheck: PASSED
testStaleWorktreeCleanup: PASSED
testReadPriorityConfig: PASSED
testE2EGitHubMergeFullChain: PASSED
testSinkMergeRefusesLiveFolder: PASSED
testSinkRefusesDirtyWorktree: PASSED
testProbeHelpersFailClosed: PASSED
testArchiveIntegrityPortedToAllEditions832: PASSED
testStaleDiagnosticsPortedToAllEditions1002: PASSED
testFillIfEmptySummarySectionPortedToAllEditions1004: PASSED
testSinkMergeBlocksUnpushedCommits: PASSED
testAssertWorktreeCleanFailsClosedOnProbeFault: PASSED
testAssertWorktreeCleanFailsClosedOnListProbeFault: PASSED
testSinkRefusesOnPushMainFailure: PASSED
testSinkRefusesOnPushUpstreamFailure: PASSED
testSinkTransactionSyncsUntrackedWorktreeProjectDirOnMerge: PASSED
testSinkTransactionStampsPublishedHeadAfterRebase: PASSED
testSinkRefusesOnCloseFailure: PASSED
testSinkMergeAutoPushesWhenNoUpstream: PASSED
testSinkMergeOfflineSkipsPublishGuard: PASSED
testSinkMergeNonDefaultBranchMaster: PASSED
testSinkMergeReRebasesOnFfRace: PASSED
testSinkMergeConsumerRepoSkipsNpmTestGate: PASSED
testSinkMergeBareRemoteDeleteOrder: PASSED
testE2EGitHubPrFullChain: PASSED
testParallelIssueIndependence: PASSED
testClassifierFailClosedOnRemoteError: PASSED
testClassifierOfflineUnverifiedNoLocalEvidence: PASSED
testClassifierOfflineVerifiedOwnedFolderRoutes: PASSED
testClassifierOfflineUnverifiedWithUnrelatedActiveFolder: PASSED
testStartupExplicitTargetRedAnswers: PASSED
testClassifierTopLevelIssueFlag: PASSED
testClaimProjectOwnedFolderFailingRemote: PASSED
testFinalizeRemovesClaimLabel: PASSED
testFinalizeNullFolderFallbackReadsArchive: PASSED
testFinalizeOfflineSkipsLabelInvariant: PASSED
testFinalizeOfflineReportsSkippedClaimRelease: PASSED
testWatchPrEmitsClaimLabelReceipt: PASSED
testAuditAndRepairLabels: PASSED
testFinalizeClaimLabelFailedTriggersInvariant: PASSED
testClearAdvisoryClaimDeletesMarkerComment: PASSED
testClearAdvisoryClaimDoesNotDeleteOtherProjectMarker: PASSED
testClearAdvisoryClaimOfflineSkipsDelete: PASSED
testSinkKeepOpenReleasesClaimMarker: PASSED
testKeepOpenSinkLeavesTheIssueReClaimable: PASSED
testSinkMergeEmitsClosureReceipt: PASSED
testWatchPrMergedClosureReceipt: PASSED
testFinalizeOfflineClosureReceiptSkipped: PASSED
testSinkMergeMockabilityAndReceipt: PASSED
testSinkMergeCloseFailureWarning: PASSED
testSinkMergeCloseExitZeroButStillOpenFailsClosed: PASSED
testSinkMergeSkipsArchivedProjectPhantom: PASSED
testKeepOpenMergeFullChain: PASSED
testKeepOpenFinalizeFlagAlias: PASSED
testSinkMergeKeepOpenOnlineMock: PASSED
testSinkMergePostPushReopenOnMock: PASSED
testBundleFinalizeAllOpenCloseIsPending: PASSED
testSinkMergeKeepOpenRequiresIssue: PASSED
testSinkMergeKeepOpenArchivedStateGuard: PASSED
testSinkPrKeepOpenRefusal: PASSED
testClosureAuditOfflineRemoteClassesSkipped: PASSED
testClosureAuditArchiveContentDrift832: PASSED
testClosureAuditStaleInProgressLabels: PASSED
testClosureAuditActiveFolderForClosedIssueReportsDirty: PASSED
testClosureAuditUnarchivedPrFolderMerged: PASSED
testClosureAuditExecuteRepairsLabels: PASSED
testClosureAuditExecuteNeverTouchesActiveFolders: PASSED
testClosureAuditDryRunNeverCallsRemoveLabel: PASSED
testClosureAuditStaleLabelsTimeout: PASSED
testClosureAuditUnresolvedClosedState: PASSED
testClosureAuditProbeFailureUnresolved: PASSED
testClosureAuditTimeoutEnvInvalidFallsBack: PASSED
testClosureAuditExecuteDetectionTimeoutPropagates: PASSED
testClosureAuditExecuteLabelRemovalTimeoutBreaks: PASSED
testClosureAuditExecuteLabelRemovalNonTimeoutFails: PASSED
testClosureAuditPrFolderTimeout: PASSED
testClosureAuditProjectScopePartitions903: PASSED
testClosureAuditRejectsUnknownFlagAndHelp903: PASSED
testClosureAuditMistypedProjectExitsOne903: PASSED
testClosureAuditProjectNameIsNotAPath903: PASSED
testClosureAuditScopedCleanIsFailClosed903: PASSED
testClosureAuditBundleMemberActiveFolderClosed903: PASSED
testClosureAuditCitationMissingOmittedWhenEmpty903: PASSED
testClosureAuditCitationMissingReportsAndExcludesJsonl903: PASSED
testClosureAuditScopingHelpers903: PASSED
testClosureAuditScopedArchiveNameMatch903: PASSED
testClosureAuditScopedArchiveAmbiguousMatch903: PASSED
testProbeTimeoutEnv: PASSED
testContractValidatorOfflineSkip: PASSED
testContractValidatorReflowTolerant: PASSED
testContractValidatorMissingTag: PASSED
testTagAncestorGuard402: PASSED
testWatchPrAbandonedClosureInvariantsClean: PASSED
testClaimReclaimsStatelessOrphanDir: PASSED
testPatchBranchGuards: PASSED
testAdaptiveOffClaimRefusal: PASSED
testAdaptiveOffPreservesTwoWay: PASSED
testAdaptiveResumeAfterFlipOff: PASSED
testReleaseCheckPreTagGate: PASSED
testGitignoreCoversKw: PASSED
testWorktreeHiddenLocalPath: PASSED
testLegacyWorktreeCleanupDryRun: PASSED
testLegacyWorktreeCleanupDirtySkip: PASSED
testAdaptiveWorktreeProvisionedE2E: PASSED
sink-merge: FINDING no_implementation_changes: branch workflow/issue-911 carries no implementation changes beyond origin/main — every changed file is a kaola-workflow/** workflow artifact: kaola-workflow/archive/issue-911/workflow-state.md. Nothing was merged and nothing was pushed.
  If the branch was meant to deliver implementation, its final commit is missing: add the real changed files and re-run the sink. If it is deliberately a docs/roadmap-only change, that is a legitimate deliverable and the route for it is a pull request — run sink-pr for this branch, which stages the content for review rather than publishing it.
testSinkReportsWorkflowOnlyBranch: PASSED
testSinkAllowsMixedBranch: PASSED
testClaimFinalizeSinkChainCompletes: PASSED
testSelectionEvidenceDocking: PASSED
testFinalizeIncompleteResumesCrashState: PASSED
testFinalizeIncompleteNegativeControlAlreadyDone: PASSED
testFinalizeIncompleteNegativeControlRepoDirty: PASSED
testFinalizeIncompleteWorktreeReentryFix: PASSED
testBundleClaimCreatesOneFolder: PASSED
testBundleRefusalLeavesNoFolder: PASSED
testBundleDuplicateIssueBlocking: PASSED
testBundleFinalizeReceiptFields: PASSED
testBundleSingleIssueStateHasNoBundleFields: PASSED
testFinalizeArchiveVerifiesBeforeDelete: PASSED
testArchiveCompleteSourceRelative676: PASSED
testFinalizeClosesIssueBundleMembers: PASSED
testHarnessSelfCheck: PASSED
testSinkTransactionBlockedByForeignDirt: PASSED
testSinkForeignDirtExemptsSiblingReceipt715: PASSED
testSinkTransactionCrashResume: PASSED
testSinkTransactionCleanEndToEnd: PASSED
testTwoLanesInOneCheckout579: PASSED
testPlanlessAndPlannedInitialAuthority699: PASSED
testArchiveCallersFailClosed699: PASSED
testOfflineNoHistoryClaimRoot699: PASSED
testArchiveNeverRelocatesReservedDir930: PASSED (4/4 names x 2 lanes)
testClaimRollbackRemovesOnlyWhatItCreated932: PASSED (created removed, adopted intact)
testClaimNeverAdoptsReservedDir933: PASSED (3/3 doors)
##KW-SHARD {"suite":"simulate-workflow-walkthrough","index":1,"total":1,"scenarios":178,"ran":178,"passed":178,"failed":0}
Workflow walkthrough simulation passed
spawn-census: {"suite":"simulate-workflow-walkthrough","spawns":2088}
