FAIL: MANIFEST missing-token: block fn-forge-is-the-backlog token "`## Measured` carries only what this run observed" absent from commands/kaola-workflow-finalize.md
FAIL: MANIFEST missing-token: block fn-forge-is-the-backlog token "every figure there names the commit it was measured at and the command or artifact it came from" absent from commands/kaola-workflow-finalize.md
FAIL: MANIFEST missing-token: block fn-forge-is-the-backlog token "`## Hypothesis` carries attributions no run has confirmed; a cause derived by reading code lands there by default" absent from commands/kaola-workflow-finalize.md
FAIL: MANIFEST missing-token: block fn-forge-is-the-backlog token "`## Proposed remedy (non-binding)` is optional and carries that label when it appears." absent from commands/kaola-workflow-finalize.md
FAIL: MANIFEST missing-token: block fn-forge-is-the-backlog token "Add one `searched:` line recording the duplicate probe you actually ran — its query and its hit count" absent from commands/kaola-workflow-finalize.md
FAIL: MANIFEST missing-token: block fn-forge-is-the-backlog token "confirm the issue exists and its body is non-empty, and record the issue number and the body length you saw in this run's own record" absent from commands/kaola-workflow-finalize.md
FAIL: MANIFEST missing-token: block fn-forge-is-the-backlog token "That record is the mission list's result line, never the `## Run gaps` row" absent from commands/kaola-workflow-finalize.md
FAIL: MANIFEST missing-token: block fn-forge-is-the-backlog token "`## Measured` carries only what this run observed" absent from plugins/kaola-workflow-gitlab/commands/kaola-workflow-finalize.md
FAIL: MANIFEST missing-token: block fn-forge-is-the-backlog token "every figure there names the commit it was measured at and the command or artifact it came from" absent from plugins/kaola-workflow-gitlab/commands/kaola-workflow-finalize.md
FAIL: MANIFEST missing-token: block fn-forge-is-the-backlog token "`## Hypothesis` carries attributions no run has confirmed; a cause derived by reading code lands there by default" absent from plugins/kaola-workflow-gitlab/commands/kaola-workflow-finalize.md
FAIL: MANIFEST missing-token: block fn-forge-is-the-backlog token "`## Proposed remedy (non-binding)` is optional and carries that label when it appears." absent from plugins/kaola-workflow-gitlab/commands/kaola-workflow-finalize.md
FAIL: MANIFEST missing-token: block fn-forge-is-the-backlog token "Add one `searched:` line recording the duplicate probe you actually ran — its query and its hit count" absent from plugins/kaola-workflow-gitlab/commands/kaola-workflow-finalize.md
FAIL: MANIFEST missing-token: block fn-forge-is-the-backlog token "confirm the issue exists and its body is non-empty, and record the issue number and the body length you saw in this run's own record" absent from plugins/kaola-workflow-gitlab/commands/kaola-workflow-finalize.md
FAIL: MANIFEST missing-token: block fn-forge-is-the-backlog token "That record is the mission list's result line, never the `## Run gaps` row" absent from plugins/kaola-workflow-gitlab/commands/kaola-workflow-finalize.md
FAIL: MANIFEST missing-token: block fn-forge-is-the-backlog token "`## Measured` carries only what this run observed" absent from plugins/kaola-workflow-gitea/commands/kaola-workflow-finalize.md
FAIL: MANIFEST missing-token: block fn-forge-is-the-backlog token "every figure there names the commit it was measured at and the command or artifact it came from" absent from plugins/kaola-workflow-gitea/commands/kaola-workflow-finalize.md
FAIL: MANIFEST missing-token: block fn-forge-is-the-backlog token "`## Hypothesis` carries attributions no run has confirmed; a cause derived by reading code lands there by default" absent from plugins/kaola-workflow-gitea/commands/kaola-workflow-finalize.md
FAIL: MANIFEST missing-token: block fn-forge-is-the-backlog token "`## Proposed remedy (non-binding)` is optional and carries that label when it appears." absent from plugins/kaola-workflow-gitea/commands/kaola-workflow-finalize.md
FAIL: MANIFEST missing-token: block fn-forge-is-the-backlog token "Add one `searched:` line recording the duplicate probe you actually ran — its query and its hit count" absent from plugins/kaola-workflow-gitea/commands/kaola-workflow-finalize.md
FAIL: MANIFEST missing-token: block fn-forge-is-the-backlog token "confirm the issue exists and its body is non-empty, and record the issue number and the body length you saw in this run's own record" absent from plugins/kaola-workflow-gitea/commands/kaola-workflow-finalize.md
FAIL: MANIFEST missing-token: block fn-forge-is-the-backlog token "That record is the mission list's result line, never the `## Run gaps` row" absent from plugins/kaola-workflow-gitea/commands/kaola-workflow-finalize.md
FAIL: MANIFEST missing-token: block fn-forge-is-the-backlog token "`## Measured` carries only what this run observed" absent from ../../../.opencode/command/kaola-workflow-finalize.md
FAIL: MANIFEST missing-token: block fn-forge-is-the-backlog token "every figure there names the commit it was measured at and the command or artifact it came from" absent from ../../../.opencode/command/kaola-workflow-finalize.md
FAIL: MANIFEST missing-token: block fn-forge-is-the-backlog token "`## Hypothesis` carries attributions no run has confirmed; a cause derived by reading code lands there by default" absent from ../../../.opencode/command/kaola-workflow-finalize.md
FAIL: MANIFEST missing-token: block fn-forge-is-the-backlog token "`## Proposed remedy (non-binding)` is optional and carries that label when it appears." absent from ../../../.opencode/command/kaola-workflow-finalize.md
FAIL: MANIFEST missing-token: block fn-forge-is-the-backlog token "Add one `searched:` line recording the duplicate probe you actually ran — its query and its hit count" absent from ../../../.opencode/command/kaola-workflow-finalize.md
FAIL: MANIFEST missing-token: block fn-forge-is-the-backlog token "confirm the issue exists and its body is non-empty, and record the issue number and the body length you saw in this run's own record" absent from ../../../.opencode/command/kaola-workflow-finalize.md
FAIL: MANIFEST missing-token: block fn-forge-is-the-backlog token "That record is the mission list's result line, never the `## Run gaps` row" absent from ../../../.opencode/command/kaola-workflow-finalize.md
FAIL: MANIFEST missing-token: block fn-forge-is-the-backlog token "`## Measured` carries only what this run observed" absent from ../../../.opencode-gitlab/command/kaola-workflow-finalize.md
FAIL: MANIFEST missing-token: block fn-forge-is-the-backlog token "every figure there names the commit it was measured at and the command or artifact it came from" absent from ../../../.opencode-gitlab/command/kaola-workflow-finalize.md
FAIL: MANIFEST missing-token: block fn-forge-is-the-backlog token "`## Hypothesis` carries attributions no run has confirmed; a cause derived by reading code lands there by default" absent from ../../../.opencode-gitlab/command/kaola-workflow-finalize.md
FAIL: MANIFEST missing-token: block fn-forge-is-the-backlog token "`## Proposed remedy (non-binding)` is optional and carries that label when it appears." absent from ../../../.opencode-gitlab/command/kaola-workflow-finalize.md
FAIL: MANIFEST missing-token: block fn-forge-is-the-backlog token "Add one `searched:` line recording the duplicate probe you actually ran — its query and its hit count" absent from ../../../.opencode-gitlab/command/kaola-workflow-finalize.md
FAIL: MANIFEST missing-token: block fn-forge-is-the-backlog token "confirm the issue exists and its body is non-empty, and record the issue number and the body length you saw in this run's own record" absent from ../../../.opencode-gitlab/command/kaola-workflow-finalize.md
FAIL: MANIFEST missing-token: block fn-forge-is-the-backlog token "That record is the mission list's result line, never the `## Run gaps` row" absent from ../../../.opencode-gitlab/command/kaola-workflow-finalize.md
FAIL: MANIFEST missing-token: block fn-forge-is-the-backlog token "`## Measured` carries only what this run observed" absent from ../../../.opencode-gitea/command/kaola-workflow-finalize.md
FAIL: MANIFEST missing-token: block fn-forge-is-the-backlog token "every figure there names the commit it was measured at and the command or artifact it came from" absent from ../../../.opencode-gitea/command/kaola-workflow-finalize.md
FAIL: MANIFEST missing-token: block fn-forge-is-the-backlog token "`## Hypothesis` carries attributions no run has confirmed; a cause derived by reading code lands there by default" absent from ../../../.opencode-gitea/command/kaola-workflow-finalize.md
FAIL: MANIFEST missing-token: block fn-forge-is-the-backlog token "`## Proposed remedy (non-binding)` is optional and carries that label when it appears." absent from ../../../.opencode-gitea/command/kaola-workflow-finalize.md
FAIL: MANIFEST missing-token: block fn-forge-is-the-backlog token "Add one `searched:` line recording the duplicate probe you actually ran — its query and its hit count" absent from ../../../.opencode-gitea/command/kaola-workflow-finalize.md
FAIL: MANIFEST missing-token: block fn-forge-is-the-backlog token "confirm the issue exists and its body is non-empty, and record the issue number and the body length you saw in this run's own record" absent from ../../../.opencode-gitea/command/kaola-workflow-finalize.md
FAIL: MANIFEST missing-token: block fn-forge-is-the-backlog token "That record is the mission list's result line, never the `## Run gaps` row" absent from ../../../.opencode-gitea/command/kaola-workflow-finalize.md
FAIL: MANIFEST missing-token: block fn-forge-is-the-backlog token "`## Measured` carries only what this run observed" absent from .kimi/skills/kaola-workflow-finalize/SKILL.md
FAIL: MANIFEST missing-token: block fn-forge-is-the-backlog token "every figure there names the commit it was measured at and the command or artifact it came from" absent from .kimi/skills/kaola-workflow-finalize/SKILL.md
FAIL: MANIFEST missing-token: block fn-forge-is-the-backlog token "`## Hypothesis` carries attributions no run has confirmed; a cause derived by reading code lands there by default" absent from .kimi/skills/kaola-workflow-finalize/SKILL.md
FAIL: MANIFEST missing-token: block fn-forge-is-the-backlog token "`## Proposed remedy (non-binding)` is optional and carries that label when it appears." absent from .kimi/skills/kaola-workflow-finalize/SKILL.md
FAIL: MANIFEST missing-token: block fn-forge-is-the-backlog token "Add one `searched:` line recording the duplicate probe you actually ran — its query and its hit count" absent from .kimi/skills/kaola-workflow-finalize/SKILL.md
FAIL: MANIFEST missing-token: block fn-forge-is-the-backlog token "confirm the issue exists and its body is non-empty, and record the issue number and the body length you saw in this run's own record" absent from .kimi/skills/kaola-workflow-finalize/SKILL.md
FAIL: MANIFEST missing-token: block fn-forge-is-the-backlog token "That record is the mission list's result line, never the `## Run gaps` row" absent from .kimi/skills/kaola-workflow-finalize/SKILL.md
FAIL: MANIFEST missing-token: block fn-forge-is-the-backlog token "`## Measured` carries only what this run observed" absent from .kimi-gitlab/skills/kaola-workflow-finalize/SKILL.md
FAIL: MANIFEST missing-token: block fn-forge-is-the-backlog token "every figure there names the commit it was measured at and the command or artifact it came from" absent from .kimi-gitlab/skills/kaola-workflow-finalize/SKILL.md
FAIL: MANIFEST missing-token: block fn-forge-is-the-backlog token "`## Hypothesis` carries attributions no run has confirmed; a cause derived by reading code lands there by default" absent from .kimi-gitlab/skills/kaola-workflow-finalize/SKILL.md
FAIL: MANIFEST missing-token: block fn-forge-is-the-backlog token "`## Proposed remedy (non-binding)` is optional and carries that label when it appears." absent from .kimi-gitlab/skills/kaola-workflow-finalize/SKILL.md
FAIL: MANIFEST missing-token: block fn-forge-is-the-backlog token "Add one `searched:` line recording the duplicate probe you actually ran — its query and its hit count" absent from .kimi-gitlab/skills/kaola-workflow-finalize/SKILL.md
FAIL: MANIFEST missing-token: block fn-forge-is-the-backlog token "confirm the issue exists and its body is non-empty, and record the issue number and the body length you saw in this run's own record" absent from .kimi-gitlab/skills/kaola-workflow-finalize/SKILL.md
FAIL: MANIFEST missing-token: block fn-forge-is-the-backlog token "That record is the mission list's result line, never the `## Run gaps` row" absent from .kimi-gitlab/skills/kaola-workflow-finalize/SKILL.md
FAIL: MANIFEST missing-token: block fn-forge-is-the-backlog token "`## Measured` carries only what this run observed" absent from .kimi-gitea/skills/kaola-workflow-finalize/SKILL.md
FAIL: MANIFEST missing-token: block fn-forge-is-the-backlog token "every figure there names the commit it was measured at and the command or artifact it came from" absent from .kimi-gitea/skills/kaola-workflow-finalize/SKILL.md
FAIL: MANIFEST missing-token: block fn-forge-is-the-backlog token "`## Hypothesis` carries attributions no run has confirmed; a cause derived by reading code lands there by default" absent from .kimi-gitea/skills/kaola-workflow-finalize/SKILL.md
FAIL: MANIFEST missing-token: block fn-forge-is-the-backlog token "`## Proposed remedy (non-binding)` is optional and carries that label when it appears." absent from .kimi-gitea/skills/kaola-workflow-finalize/SKILL.md
FAIL: MANIFEST missing-token: block fn-forge-is-the-backlog token "Add one `searched:` line recording the duplicate probe you actually ran — its query and its hit count" absent from .kimi-gitea/skills/kaola-workflow-finalize/SKILL.md
FAIL: MANIFEST missing-token: block fn-forge-is-the-backlog token "confirm the issue exists and its body is non-empty, and record the issue number and the body length you saw in this run's own record" absent from .kimi-gitea/skills/kaola-workflow-finalize/SKILL.md
FAIL: MANIFEST missing-token: block fn-forge-is-the-backlog token "That record is the mission list's result line, never the `## Run gaps` row" absent from .kimi-gitea/skills/kaola-workflow-finalize/SKILL.md
FAIL: MANIFEST missing-token: block fn-forge-is-the-backlog token "`## Measured` carries only what this run observed" absent from plugins/kaola-workflow/skills/kaola-workflow-finalize/SKILL.md
FAIL: MANIFEST missing-token: block fn-forge-is-the-backlog token "every figure there names the commit it was measured at and the command or artifact it came from" absent from plugins/kaola-workflow/skills/kaola-workflow-finalize/SKILL.md
FAIL: MANIFEST missing-token: block fn-forge-is-the-backlog token "`## Hypothesis` carries attributions no run has confirmed; a cause derived by reading code lands there by default" absent from plugins/kaola-workflow/skills/kaola-workflow-finalize/SKILL.md
FAIL: MANIFEST missing-token: block fn-forge-is-the-backlog token "`## Proposed remedy (non-binding)` is optional and carries that label when it appears." absent from plugins/kaola-workflow/skills/kaola-workflow-finalize/SKILL.md
FAIL: MANIFEST missing-token: block fn-forge-is-the-backlog token "Add one `searched:` line recording the duplicate probe you actually ran — its query and its hit count" absent from plugins/kaola-workflow/skills/kaola-workflow-finalize/SKILL.md
FAIL: MANIFEST missing-token: block fn-forge-is-the-backlog token "confirm the issue exists and its body is non-empty, and record the issue number and the body length you saw in this run's own record" absent from plugins/kaola-workflow/skills/kaola-workflow-finalize/SKILL.md
FAIL: MANIFEST missing-token: block fn-forge-is-the-backlog token "That record is the mission list's result line, never the `## Run gaps` row" absent from plugins/kaola-workflow/skills/kaola-workflow-finalize/SKILL.md
FAIL: MANIFEST missing-token: block fn-forge-is-the-backlog token "`## Measured` carries only what this run observed" absent from plugins/kaola-workflow-gitlab/skills/kaola-workflow-finalize/SKILL.md
FAIL: MANIFEST missing-token: block fn-forge-is-the-backlog token "every figure there names the commit it was measured at and the command or artifact it came from" absent from plugins/kaola-workflow-gitlab/skills/kaola-workflow-finalize/SKILL.md
FAIL: MANIFEST missing-token: block fn-forge-is-the-backlog token "`## Hypothesis` carries attributions no run has confirmed; a cause derived by reading code lands there by default" absent from plugins/kaola-workflow-gitlab/skills/kaola-workflow-finalize/SKILL.md
FAIL: MANIFEST missing-token: block fn-forge-is-the-backlog token "`## Proposed remedy (non-binding)` is optional and carries that label when it appears." absent from plugins/kaola-workflow-gitlab/skills/kaola-workflow-finalize/SKILL.md
FAIL: MANIFEST missing-token: block fn-forge-is-the-backlog token "Add one `searched:` line recording the duplicate probe you actually ran — its query and its hit count" absent from plugins/kaola-workflow-gitlab/skills/kaola-workflow-finalize/SKILL.md
FAIL: MANIFEST missing-token: block fn-forge-is-the-backlog token "confirm the issue exists and its body is non-empty, and record the issue number and the body length you saw in this run's own record" absent from plugins/kaola-workflow-gitlab/skills/kaola-workflow-finalize/SKILL.md
FAIL: MANIFEST missing-token: block fn-forge-is-the-backlog token "That record is the mission list's result line, never the `## Run gaps` row" absent from plugins/kaola-workflow-gitlab/skills/kaola-workflow-finalize/SKILL.md
FAIL: MANIFEST missing-token: block fn-forge-is-the-backlog token "`## Measured` carries only what this run observed" absent from plugins/kaola-workflow-gitea/skills/kaola-workflow-finalize/SKILL.md
FAIL: MANIFEST missing-token: block fn-forge-is-the-backlog token "every figure there names the commit it was measured at and the command or artifact it came from" absent from plugins/kaola-workflow-gitea/skills/kaola-workflow-finalize/SKILL.md
FAIL: MANIFEST missing-token: block fn-forge-is-the-backlog token "`## Hypothesis` carries attributions no run has confirmed; a cause derived by reading code lands there by default" absent from plugins/kaola-workflow-gitea/skills/kaola-workflow-finalize/SKILL.md
FAIL: MANIFEST missing-token: block fn-forge-is-the-backlog token "`## Proposed remedy (non-binding)` is optional and carries that label when it appears." absent from plugins/kaola-workflow-gitea/skills/kaola-workflow-finalize/SKILL.md
FAIL: MANIFEST missing-token: block fn-forge-is-the-backlog token "Add one `searched:` line recording the duplicate probe you actually ran — its query and its hit count" absent from plugins/kaola-workflow-gitea/skills/kaola-workflow-finalize/SKILL.md
FAIL: MANIFEST missing-token: block fn-forge-is-the-backlog token "confirm the issue exists and its body is non-empty, and record the issue number and the body length you saw in this run's own record" absent from plugins/kaola-workflow-gitea/skills/kaola-workflow-finalize/SKILL.md
FAIL: MANIFEST missing-token: block fn-forge-is-the-backlog token "That record is the mission list's result line, never the `## Run gaps` row" absent from plugins/kaola-workflow-gitea/skills/kaola-workflow-finalize/SKILL.md
FAIL: MANIFEST: derived-universe presence check clean over 228 obligated file-checks

Route-reachability test FAILED: 85 failure(s), 330 passed.
